###############################################################################
#
# IAR ELF Linker V9.10.2.313/W64 for ARM                  15/Nov/2021  12:14:30
# Copyright 2007-2021 IAR Systems AB.
#
#    Output file  =
#        C:\Users\claud\OneDrive\UTFPR\Semestre 2 - 2021\Sistemas
#        Embarcados\Labs\claudioleonag_ELF74\Lab4\ewarm\Exe\Lab4.out
#    Map file     =
#        C:\Users\claud\OneDrive\UTFPR\Semestre 2 - 2021\Sistemas
#        Embarcados\Labs\claudioleonag_ELF74\Lab4\ewarm\List\Lab4.map
#    Command line =
#        -f "C:\Users\claud\OneDrive\UTFPR\Semestre 2 - 2021\Sistemas
#        Embarcados\Labs\claudioleonag_ELF74\Lab4\ewarm\Exe\Lab4.out.rsp"
#        ("C:\Users\claud\OneDrive\UTFPR\Semestre 2 - 2021\Sistemas
#        Embarcados\Labs\claudioleonag_ELF74\TivaWare\driverlib\ewarm\Exe\driverlib.a"
#        "C:\Users\claud\OneDrive\UTFPR\Semestre 2 - 2021\Sistemas
#        Embarcados\Labs\claudioleonag_ELF74\Lab4\ewarm\Obj\Source\main.o"
#        "C:\Users\claud\OneDrive\UTFPR\Semestre 2 - 2021\Sistemas
#        Embarcados\Labs\claudioleonag_ELF74\Lab4\ewarm\Obj\Source\startup_ewarm.o"
#        --no_out_extension -o "C:\Users\claud\OneDrive\UTFPR\Semestre 2 -
#        2021\Sistemas
#        Embarcados\Labs\claudioleonag_ELF74\Lab4\ewarm\Exe\Lab4.out"
#        --redirect _Printf=_PrintfTiny --redirect _Scanf=_ScanfSmallNoMb --map
#        "C:\Users\claud\OneDrive\UTFPR\Semestre 2 - 2021\Sistemas
#        Embarcados\Labs\claudioleonag_ELF74\Lab4\ewarm\List\Lab4.map" --config
#        "C:\Users\claud\OneDrive\UTFPR\Semestre 2 - 2021\Sistemas
#        Embarcados\Labs\claudioleonag_ELF74\Lab4\uart_echo.icf" --semihosting
#        --entry __iar_program_start --vfe --text_out locale)
#
###############################################################################

*******************************************************************************
*** RUNTIME MODEL ATTRIBUTES
***

CppFlavor       = *
__SystemLibrary = DLib
__dlib_version  = 6


*******************************************************************************
*** HEAP SELECTION
***

The basic heap was selected because some modules are built with
size limitations (and not runtime checking), and --advanced_heap
was not specified.


*******************************************************************************
*** PLACEMENT SUMMARY
***

"A0":  place at start of [from 0x0 to 0xf'ffff] { ro section .intvec };
"P1":  place in [from 0x0 to 0xf'ffff] { ro };
define block HEAP with size = 0, alignment = 8 { };
"P2":  place in [from 0x2000'0000 to 0x2003'ffff] { rw, block HEAP };
do not initialize { section .noinit };

No sections matched the following patterns:

  section VTABLE  in "A1"


  Section          Kind         Address   Size  Object
  -------          ----         -------   ----  ------
"A0":                                    0x200
  .intvec          const            0x0  0x200  startup_ewarm.o [1]
                                - 0x200  0x200

"P1":                                    0x752
  .text            ro code        0x200  0x260  sysctl.o [3]
  .rodata          const          0x460  0x1b0  sysctl.o [3]
  .text            ro code        0x610  0x194  main.o [1]
  .rodata          const          0x7a4   0x6c  sysctl.o [3]
  .text            ro code        0x810   0x38  zero_init3.o [5]
  .rodata          const          0x848   0x30  sysctl.o [3]
  .text            ro code        0x878   0x28  data_init.o [5]
  .text            ro code        0x8a0   0x22  fpinit_M.o [4]
  .iar.init_table  const          0x8c4   0x10  - Linker created -
  .text            ro code        0x8d4   0x1e  cmain.o [5]
  .text            ro code        0x8f2    0x4  low_level_init.o [2]
  .text            ro code        0x8f6    0x4  exit.o [2]
  .text            ro code        0x8fc    0xa  cexit.o [5]
  .text            ro code        0x908   0x14  exit.o [6]
  .text            ro code        0x91c   0x1c  cstartup_M.o [5]
  .text            ro code        0x938   0x1a  startup_ewarm.o [1]
  .rodata          const          0x952    0x0  zero_init3.o [5]
                                - 0x952  0x752

"P2", part 1 of 2:                         0x4
  .bss             zero     0x2000'0000    0x4  main.o [1]
                          - 0x2000'0004    0x4

"P2", part 2 of 2:                       0x100
  .noinit          uninit   0x2000'0004  0x100  startup_ewarm.o [1]
                          - 0x2000'0104  0x100

Unused ranges:

         From           To      Size
         ----           --      ----
        0x952     0xf'ffff  0xf'f6ae
  0x2000'0104  0x2003'ffff  0x3'fefc


*******************************************************************************
*** INIT TABLE
***

          Address      Size
          -------      ----
Zero (__iar_zero_init3)
    1 destination range, total size 0x4:
          0x2000'0000   0x4



*******************************************************************************
*** MODULE SUMMARY
***

    Module            ro code  ro data  rw data
    ------            -------  -------  -------
command line/config:
    -------------------------------------------
    Total:

C:\Users\claud\OneDrive\UTFPR\Semestre 2 - 2021\Sistemas Embarcados\Labs\claudioleonag_ELF74\Lab4\ewarm\Obj\Source: [1]
    main.o                404                 4
    startup_ewarm.o        26      512      256
    -------------------------------------------
    Total:                430      512      260

dl7M_tln.a: [2]
    exit.o                  4
    low_level_init.o        4
    -------------------------------------------
    Total:                  8

driverlib.a: [3]
    sysctl.o              608      588
    -------------------------------------------
    Total:                608      588

m7M_tls.a: [4]
    fpinit_M.o             34
    -------------------------------------------
    Total:                 34

rt7M_tl.a: [5]
    cexit.o                10
    cmain.o                30
    cstartup_M.o           28
    data_init.o            40
    zero_init3.o           56
    -------------------------------------------
    Total:                164

shb_l.a: [6]
    exit.o                 20
    -------------------------------------------
    Total:                 20

    Gaps                    4        2
    Linker created                  16
-----------------------------------------------
    Grand Total:        1'268    1'118      260


*******************************************************************************
*** ENTRY LIST
***

Entry                       Address   Size  Type      Object
-----                       -------   ----  ----      ------
.iar.init_table$$Base         0x8c4          --   Gb  - Linker created -
.iar.init_table$$Limit        0x8d4          --   Gb  - Linker created -
?main                         0x8d5         Code  Gb  cmain.o [5]
FaultISR                      0x94f    0x2  Code  Lc  startup_ewarm.o [1]
IntDefaultHandler             0x951    0x2  Code  Lc  startup_ewarm.o [1]
NmiSR                         0x94d    0x2  Code  Lc  startup_ewarm.o [1]
Region$$Table$$Base           0x8c4          --   Gb  - Linker created -
Region$$Table$$Limit          0x8d4          --   Gb  - Linker created -
ResetISR                      0x939    0xe  Code  Gb  startup_ewarm.o [1]
SysCtlClockFreqSet            0x22d  0x1fc  Code  Gb  sysctl.o [3]
SysCtlDelay                   0x225    0x8  Code  Gb  sysctl.o [3]
UARTIntHandler                0x611   0xb8  Code  Gb  main.o [1]
UARTSend                      0x6c9   0x20  Code  Gb  main.o [1]
_SysCtlMemTimingGet           0x201   0x22  Code  Lc  sysctl.o [3]
__cmain                       0x8d5         Code  Gb  cmain.o [5]
__exit                        0x909   0x14  Code  Gb  exit.o [6]
__iar_data_init3              0x879   0x28  Code  Gb  data_init.o [5]
__iar_init_vfp                0x8a1         Code  Gb  fpinit_M.o [4]
__iar_program_start           0x91d         Code  Gb  cstartup_M.o [5]
__iar_zero_init3              0x811   0x38  Code  Gb  zero_init3.o [5]
__low_level_init              0x8f3    0x4  Code  Gb  low_level_init.o [2]
__vector_table                  0x0  0x200  Data  Gb  startup_ewarm.o [1]
_call_main                    0x8e1         Code  Gb  cmain.o [5]
_exit                         0x8fd         Code  Gb  cexit.o [5]
exit                          0x8f7    0x4  Code  Gb  exit.o [2]
g_pppui32XTALtoVCO            0x460  0x1b0  Data  Lc  sysctl.o [3]
g_pui32VCOFrequencies         0x458    0x8  Data  Lc  sysctl.o [3]
g_pui32Xtals                  0x7a4   0x6c  Data  Lc  sysctl.o [3]
g_sXTALtoMEMTIM               0x848   0x30  Data  Lc  sysctl.o [3]
g_ui32SysClock          0x2000'0000    0x4  Data  Gb  main.o [1]
main                          0x6e9   0x84  Code  Gb  main.o [1]
pui32Stack              0x2000'0004  0x100  Data  Lc  startup_ewarm.o [1]


[1] = C:\Users\claud\OneDrive\UTFPR\Semestre 2 - 2021\Sistemas Embarcados\Labs\claudioleonag_ELF74\Lab4\ewarm\Obj\Source
[2] = dl7M_tln.a
[3] = driverlib.a
[4] = m7M_tls.a
[5] = rt7M_tl.a
[6] = shb_l.a

  1'268 bytes of readonly  code memory
  1'118 bytes of readonly  data memory
    260 bytes of readwrite data memory

Errors: none
Warnings: none
